esto es la simulacion de un archivo log que debe ser ignorado en mi repositorio